---
source: tui/src/chatwidget/tests.rs
expression: popup
---
  Experimental features
  Toggle experimental features. Changes are saved to config.toml.

› [ ] Ghost snapshots  Capture undo snapshots each turn. · space toggles
  [x] Shell tool       Allow the model to run shell commands.

  space toggle · enter/esc save · pgup/pgdn scroll · home/end jump
